Copyright 1986-2019 Xilinx, Inc. All Rights Reserved.
-----------------------------------------------------------------------------------------------------------------------------------------------------------------------------------------
| Tool Version      : Vivado v.2019.1 (win64) Build 2552052 Fri May 24 14:49:42 MDT 2019
| Date              : Thu Nov  3 16:40:56 2022
| Host              : ZERO running 64-bit major release  (build 9200)
| Command           : report_bus_skew -warn_on_violation -file forw_back_wrapper_bus_skew_routed.rpt -pb forw_back_wrapper_bus_skew_routed.pb -rpx forw_back_wrapper_bus_skew_routed.rpx
| Design            : forw_back_wrapper
| Device            : xczu3eg-sbva484
| Speed File        : -1  PRODUCTION 1.25 05-09-2019
| Temperature Grade : E
-----------------------------------------------------------------------------------------------------------------------------------------------------------------------------------------

Bus Skew Report

No bus skew constraints

