

================================================================
== Vivado HLS Report for 'Conv2d_b3'
================================================================
* Date:           Wed Oct 26 23:36:21 2022

* Version:        2019.1 (Build 2552052 on Fri May 24 15:28:33 MDT 2019)
* Project:        f_b_0
* Solution:       solution1
* Product family: zynquplus
* Target device:  xczu3eg-sbva484-1-e


================================================================
== Performance Estimates
================================================================
+ Timing (ns): 
    * Summary: 
    +--------+-------+----------+------------+
    |  Clock | Target| Estimated| Uncertainty|
    +--------+-------+----------+------------+
    |ap_clk  |  10.00|     8.507|        1.25|
    +--------+-------+----------+------------+

+ Latency (clock cycles): 
    * Summary: 
    +-----+-----+-----+-----+---------+
    |  Latency  |  Interval | Pipeline|
    | min | max | min | max |   Type  |
    +-----+-----+-----+-----+---------+
    |  388|  388|  388|  388|   none  |
    +-----+-----+-----+-----+---------+

    + Detail: 
        * Instance: 
        N/A

        * Loop: 
        +---------------------+-----+-----+----------+-----------+-----------+------+----------+
        |                     |  Latency  | Iteration|  Initiation Interval  | Trip |          |
        |      Loop Name      | min | max |  Latency |  achieved |   target  | Count| Pipelined|
        +---------------------+-----+-----+----------+-----------+-----------+------+----------+
        |- Loop 1             |  387|  387|        43|          -|          -|     9|    no    |
        | + Conv2d_b3_label6  |   40|   40|        17|         12|          1|     3|    yes   |
        +---------------------+-----+-----+----------+-----------+-----------+------+----------+



================================================================
== Utilization Estimates
================================================================
* Summary: 
+-----------------+---------+-------+--------+-------+-----+
|       Name      | BRAM_18K| DSP48E|   FF   |  LUT  | URAM|
+-----------------+---------+-------+--------+-------+-----+
|DSP              |        -|      -|       -|      -|    -|
|Expression       |        -|      0|       0|    271|    -|
|FIFO             |        -|      -|       -|      -|    -|
|Instance         |        -|      5|     355|    352|    -|
|Memory           |        -|      -|       -|      -|    -|
|Multiplexer      |        -|      -|       -|    284|    -|
|Register         |        -|      -|     431|      -|    -|
+-----------------+---------+-------+--------+-------+-----+
|Total            |        0|      5|     786|    907|    0|
+-----------------+---------+-------+--------+-------+-----+
|Available        |      432|    360|  141120|  70560|    0|
+-----------------+---------+-------+--------+-------+-----+
|Utilization (%)  |        0|      1|   ~0   |      1|    0|
+-----------------+---------+-------+--------+-------+-----+

+ Detail: 
    * Instance: 
    +--------------------------+----------------------+---------+-------+-----+-----+-----+
    |         Instance         |        Module        | BRAM_18K| DSP48E|  FF | LUT | URAM|
    +--------------------------+----------------------+---------+-------+-----+-----+-----+
    |forw_back_fadd_32bkb_U67  |forw_back_fadd_32bkb  |        0|      2|  227|  214|    0|
    |forw_back_fmul_32cud_U68  |forw_back_fmul_32cud  |        0|      3|  128|  138|    0|
    +--------------------------+----------------------+---------+-------+-----+-----+-----+
    |Total                     |                      |        0|      5|  355|  352|    0|
    +--------------------------+----------------------+---------+-------+-----+-----+-----+

    * DSP48E: 
    N/A

    * Memory: 
    N/A

    * FIFO: 
    N/A

    * Expression: 
    +--------------------------+----------+-------+---+----+------------+------------+
    |       Variable Name      | Operation| DSP48E| FF| LUT| Bitwidth P0| Bitwidth P1|
    +--------------------------+----------+-------+---+----+------------+------------+
    |mul_ln125_fu_444_p2       |     *    |      0|  0|  17|           5|           4|
    |add_ln120_1_fu_281_p2     |     +    |      0|  0|  12|           4|           1|
    |add_ln120_fu_293_p2       |     +    |      0|  0|  11|           3|           1|
    |add_ln121_fu_555_p2       |     +    |      0|  0|  11|           3|           1|
    |add_ln122_fu_375_p2       |     +    |      0|  0|  15|           5|           5|
    |add_ln125_2_fu_539_p2     |     +    |      0|  0|  15|           2|           8|
    |add_ln125_fu_526_p2       |     +    |      0|  0|  17|          10|          10|
    |i_fu_287_p2               |     +    |      0|  0|   9|           2|           1|
    |j_fu_390_p2               |     +    |      0|  0|   9|           2|           1|
    |row_4_fu_549_p2           |     +    |      0|  0|  11|           1|           3|
    |sub_ln122_1_fu_345_p2     |     -    |      0|  0|  15|           5|           5|
    |sub_ln122_fu_269_p2       |     -    |      0|  0|  15|           5|           5|
    |sub_ln125_1_fu_429_p2     |     -    |      0|  0|  16|           9|           9|
    |sub_ln125_fu_435_p2       |     -    |      0|  0|  12|           4|           4|
    |icmp_ln120_fu_275_p2      |   icmp   |      0|  0|   9|           4|           4|
    |icmp_ln121_fu_299_p2      |   icmp   |      0|  0|   9|           3|           3|
    |icmp_ln123_fu_396_p2      |   icmp   |      0|  0|   9|           3|           3|
    |or_ln125_1_fu_516_p2      |    or    |      0|  0|   9|           9|           2|
    |or_ln125_fu_505_p2        |    or    |      0|  0|  32|          32|           1|
    |select_ln120_1_fu_313_p3  |  select  |      0|  0|   2|           1|           2|
    |select_ln120_2_fu_351_p3  |  select  |      0|  0|   5|           1|           5|
    |select_ln120_3_fu_359_p3  |  select  |      0|  0|   3|           1|           3|
    |select_ln120_fu_305_p3    |  select  |      0|  0|   2|           1|           1|
    |select_ln121_fu_561_p3    |  select  |      0|  0|   4|           1|           4|
    |ap_enable_pp0             |    xor   |      0|  0|   2|           1|           2|
    +--------------------------+----------+-------+---+----+------------+------------+
    |Total                     |          |      0|  0| 271|         117|          88|
    +--------------------------+----------+-------+---+----+------------+------------+

    * Multiplexer: 
    +--------------------------------+----+-----------+-----+-----------+
    |              Name              | LUT| Input Size| Bits| Total Bits|
    +--------------------------------+----+-----------+-----+-----------+
    |ap_NS_fsm                       |  65|         16|    1|         16|
    |ap_enable_reg_pp0_iter1         |   9|          2|    1|          2|
    |ap_phi_mux_row_0_phi_fu_231_p4  |   9|          2|    3|          6|
    |col_reg_205                     |   9|          2|    2|          4|
    |empty_reg_216                   |   9|          2|   32|         64|
    |first_conv1_address0            |  15|          3|   10|         30|
    |grp_fu_238_p0                   |  15|          3|   32|         96|
    |grp_fu_238_p1                   |  21|          4|   32|        128|
    |grp_fu_244_p0                   |  21|          4|   32|        128|
    |grp_fu_244_p1                   |  21|          4|   32|        128|
    |indvar_flatten_reg_160          |   9|          2|    4|          8|
    |indvars_iv1_reg_171             |   9|          2|    3|          6|
    |indvars_iv_reg_193              |   9|          2|    3|          6|
    |kernel_address0                 |  15|          3|   10|         30|
    |out_matrix_address0             |  15|          3|    4|         12|
    |out_matrix_d0                   |  15|          3|   32|         96|
    |row_0_reg_228                   |   9|          2|    3|          6|
    |row_reg_182                     |   9|          2|    2|          4|
    +--------------------------------+----+-----------+-----+-----------+
    |Total                           | 284|         61|  238|        770|
    +--------------------------------+----+-----------+-----+-----------+

    * Register: 
    +----------------------------------+----+----+-----+-----------+
    |               Name               | FF | LUT| Bits| Const Bits|
    +----------------------------------+----+----+-----+-----------+
    |add_ln120_1_reg_572               |   4|   0|    4|          0|
    |add_ln125_reg_653                 |  10|   0|   10|          0|
    |ap_CS_fsm                         |  15|   0|   15|          0|
    |ap_enable_reg_pp0_iter0           |   1|   0|    1|          0|
    |ap_enable_reg_pp0_iter1           |   1|   0|    1|          0|
    |col_reg_205                       |   2|   0|    2|          0|
    |empty_reg_216                     |  32|   0|   32|          0|
    |first_conv1_load_1_reg_668        |  32|   0|   32|          0|
    |first_conv1_load_2_reg_688        |  32|   0|   32|          0|
    |first_conv1_load_reg_658          |  32|   0|   32|          0|
    |icmp_ln121_reg_577                |   1|   0|    1|          0|
    |icmp_ln123_reg_624                |   1|   0|    1|          0|
    |icmp_ln123_reg_624_pp0_iter1_reg  |   1|   0|    1|          0|
    |indvar_flatten_reg_160            |   4|   0|    4|          0|
    |indvars_iv1_reg_171               |   3|   0|    3|          0|
    |indvars_iv_reg_193                |   3|   0|    3|          0|
    |j_reg_618                         |   2|   0|    2|          0|
    |kernel_load_1_reg_673             |  32|   0|   32|          0|
    |kernel_load_2_reg_693             |  32|   0|   32|          0|
    |kernel_load_reg_663               |  32|   0|   32|          0|
    |out_matrix_addr_reg_613           |   4|   0|    4|          0|
    |reg_248                           |  32|   0|   32|          0|
    |row_0_reg_228                     |   3|   0|    3|          0|
    |row_4_reg_713                     |   3|   0|    3|          0|
    |row_reg_182                       |   2|   0|    2|          0|
    |select_ln120_1_reg_587            |   2|   0|    2|          0|
    |select_ln120_3_reg_602            |   3|   0|    3|          0|
    |select_ln120_reg_582              |   2|   0|    2|          0|
    |tmp3_reg_698                      |  32|   0|   32|          0|
    |tmp_1_reg_703                     |  32|   0|   32|          0|
    |tmp_2_reg_708                     |  32|   0|   32|          0|
    |trunc_ln125_reg_628               |   8|   0|    8|          0|
    |zext_ln120_3_reg_597              |   2|   0|    4|          2|
    |zext_ln121_reg_608                |   2|   0|   10|          8|
    +----------------------------------+----+----+-----+-----------+
    |Total                             | 431|   0|  441|         10|
    +----------------------------------+----+----+-----+-----------+



================================================================
== Interface
================================================================
* Summary: 
+----------------------+-----+-----+------------+--------------+--------------+
|       RTL Ports      | Dir | Bits|  Protocol  | Source Object|    C Type    |
+----------------------+-----+-----+------------+--------------+--------------+
|ap_clk                |  in |    1| ap_ctrl_hs |   Conv2d_b3  | return value |
|ap_rst                |  in |    1| ap_ctrl_hs |   Conv2d_b3  | return value |
|ap_start              |  in |    1| ap_ctrl_hs |   Conv2d_b3  | return value |
|ap_done               | out |    1| ap_ctrl_hs |   Conv2d_b3  | return value |
|ap_idle               | out |    1| ap_ctrl_hs |   Conv2d_b3  | return value |
|ap_ready              | out |    1| ap_ctrl_hs |   Conv2d_b3  | return value |
|kernel_address0       | out |   10|  ap_memory |    kernel    |     array    |
|kernel_ce0            | out |    1|  ap_memory |    kernel    |     array    |
|kernel_q0             |  in |   32|  ap_memory |    kernel    |     array    |
|kernel_address1       | out |   10|  ap_memory |    kernel    |     array    |
|kernel_ce1            | out |    1|  ap_memory |    kernel    |     array    |
|kernel_q1             |  in |   32|  ap_memory |    kernel    |     array    |
|out_matrix_address0   | out |    4|  ap_memory |  out_matrix  |     array    |
|out_matrix_ce0        | out |    1|  ap_memory |  out_matrix  |     array    |
|out_matrix_we0        | out |    1|  ap_memory |  out_matrix  |     array    |
|out_matrix_d0         | out |   32|  ap_memory |  out_matrix  |     array    |
|first_conv1_address0  | out |   10|  ap_memory |  first_conv1 |     array    |
|first_conv1_ce0       | out |    1|  ap_memory |  first_conv1 |     array    |
|first_conv1_q0        |  in |   32|  ap_memory |  first_conv1 |     array    |
|first_conv1_address1  | out |   10|  ap_memory |  first_conv1 |     array    |
|first_conv1_ce1       | out |    1|  ap_memory |  first_conv1 |     array    |
|first_conv1_q1        |  in |   32|  ap_memory |  first_conv1 |     array    |
+----------------------+-----+-----+------------+--------------+--------------+

