

================================================================
== Vivado HLS Report for 'MaxPooBackPropagatio_1'
================================================================
* Date:           Thu May 11 11:34:50 2023

* Version:        2019.1 (Build 2552052 on Fri May 24 15:28:33 MDT 2019)
* Project:        Zynq-7020-HLS
* Solution:       solution1
* Product family: zynq
* Target device:  xc7z020-clg484-1


================================================================
== Performance Estimates
================================================================
+ Timing (ns): 
    * Summary: 
    +--------+-------+----------+------------+
    |  Clock | Target| Estimated| Uncertainty|
    +--------+-------+----------+------------+
    |ap_clk  |  10.00|     7.303|        1.25|
    +--------+-------+----------+------------+

+ Latency (clock cycles): 
    * Summary: 
    +------+------+------+------+---------+
    |   Latency   |   Interval  | Pipeline|
    |  min |  max |  min |  max |   Type  |
    +------+------+------+------+---------+
    |  1654|  1654|  1654|  1654|   none  |
    +------+------+------+------+---------+

    + Detail: 
        * Instance: 
        N/A

        * Loop: 
        +-------------+-----+-----+----------+-----------+-----------+------+----------+
        |             |  Latency  | Iteration|  Initiation Interval  | Trip |          |
        |  Loop Name  | min | max |  Latency |  achieved |   target  | Count| Pipelined|
        +-------------+-----+-----+----------+-----------+-----------+------+----------+
        |- Loop 1     |  840|  840|        30|          -|          -|    28|    no    |
        | + Loop 1.1  |   28|   28|         1|          -|          -|    28|    no    |
        |- Loop 2     |  812|  812|        58|          -|          -|    14|    no    |
        | + Loop 2.1  |   56|   56|         4|          -|          -|    14|    no    |
        +-------------+-----+-----+----------+-----------+-----------+------+----------+

============================================================
+ Verbose Summary: Synthesis Manager
============================================================
InlineROM: 1
ExposeGlobal: 0
============================================================
+ Verbose Summary: CDFG Model
============================================================
IsTopModel: 0
ResetActiveHigh: 1
IsCombinational: 0
IsDatapathOnly: 0
HasWiredReturn: 1
HasMFsm: 0
HasVarLatency: 1
IsPipeline: 0
IsRtlPipelined: 0
IsInstanceOverlapped: 0
IsDontTouch: 0
HasImplIP: 0
IsGatedGlobalClock: 0


============================================================
+ Verbose Summary: Schedule
============================================================
* Number of FSM states : 8
* Pipeline : 0
* Dataflow Pipeline: 0

* FSM state transitions: 
1 --> 2 
2 --> 3 4 
3 --> 3 2 
4 --> 5 
5 --> 6 4 
6 --> 7 
7 --> 8 
8 --> 5 

* FSM state operations: 

State 1 <SV = 0> <Delay = 1.76>
ST_1 : Operation 9 [1/1] (1.76ns)   --->   "br label %.loopexit" [f_b_4_new_network/forw_back_new_network.c:95]   --->   Operation 9 'br' <Predicate = true> <Delay = 1.76>

State 2 <SV = 1> <Delay = 1.78>
ST_2 : Operation 10 [1/1] (0.00ns)   --->   "%col_0 = phi i5 [ 0, %0 ], [ %col, %.loopexit.loopexit ]"   --->   Operation 10 'phi' 'col_0' <Predicate = true> <Delay = 0.00>
ST_2 : Operation 11 [1/1] (0.00ns)   --->   "%empty = call i32 (...)* @_ssdm_op_SpecLoopTripCount(i64 28, i64 28, i64 28)"   --->   Operation 11 'speclooptripcount' 'empty' <Predicate = true> <Delay = 0.00>
ST_2 : Operation 12 [1/1] (1.36ns)   --->   "%icmp_ln95 = icmp eq i5 %col_0, -4" [f_b_4_new_network/forw_back_new_network.c:95]   --->   Operation 12 'icmp' 'icmp_ln95' <Predicate = true> <Delay = 1.36> <Core = "Cmp">   --->   Core 25 'Cmp' <Latency = 0> <II = 1> <Delay = 1.30> <FuncUnit> <Opcode : 'icmp'> <InPorts = 2> <OutPorts = 1>
ST_2 : Operation 13 [1/1] (1.78ns)   --->   "%col = add i5 %col_0, 1" [f_b_4_new_network/forw_back_new_network.c:95]   --->   Operation 13 'add' 'col' <Predicate = true> <Delay = 1.78> <Core = "AddSub">   --->   Core 14 'AddSub' <Latency = 0> <II = 1> <Delay = 2.55> <FuncUnit> <Opcode : 'add' 'sub'> <InPorts = 2> <OutPorts = 1>
ST_2 : Operation 14 [1/1] (0.00ns)   --->   "br i1 %icmp_ln95, label %.preheader1.preheader, label %.preheader2.preheader" [f_b_4_new_network/forw_back_new_network.c:95]   --->   Operation 14 'br' <Predicate = true> <Delay = 0.00>
ST_2 : Operation 15 [1/1] (0.00ns)   --->   "%shl_ln = call i10 @_ssdm_op_BitConcatenate.i10.i5.i5(i5 %col_0, i5 0)" [f_b_4_new_network/forw_back_new_network.c:97]   --->   Operation 15 'bitconcatenate' 'shl_ln' <Predicate = (!icmp_ln95)> <Delay = 0.00>
ST_2 : Operation 16 [1/1] (0.00ns)   --->   "%zext_ln97_1 = zext i10 %shl_ln to i11" [f_b_4_new_network/forw_back_new_network.c:97]   --->   Operation 16 'zext' 'zext_ln97_1' <Predicate = (!icmp_ln95)> <Delay = 0.00>
ST_2 : Operation 17 [1/1] (0.00ns)   --->   "%shl_ln97_2 = call i7 @_ssdm_op_BitConcatenate.i7.i5.i2(i5 %col_0, i2 0)" [f_b_4_new_network/forw_back_new_network.c:97]   --->   Operation 17 'bitconcatenate' 'shl_ln97_2' <Predicate = (!icmp_ln95)> <Delay = 0.00>
ST_2 : Operation 18 [1/1] (0.00ns)   --->   "%zext_ln97_2 = zext i7 %shl_ln97_2 to i11" [f_b_4_new_network/forw_back_new_network.c:97]   --->   Operation 18 'zext' 'zext_ln97_2' <Predicate = (!icmp_ln95)> <Delay = 0.00>
ST_2 : Operation 19 [1/1] (1.73ns)   --->   "%sub_ln97 = sub i11 %zext_ln97_1, %zext_ln97_2" [f_b_4_new_network/forw_back_new_network.c:97]   --->   Operation 19 'sub' 'sub_ln97' <Predicate = (!icmp_ln95)> <Delay = 1.73> <Core = "AddSub">   --->   Core 14 'AddSub' <Latency = 0> <II = 1> <Delay = 2.55> <FuncUnit> <Opcode : 'add' 'sub'> <InPorts = 2> <OutPorts = 1>
ST_2 : Operation 20 [1/1] (1.76ns)   --->   "br label %.preheader2" [f_b_4_new_network/forw_back_new_network.c:96]   --->   Operation 20 'br' <Predicate = (!icmp_ln95)> <Delay = 1.76>
ST_2 : Operation 21 [1/1] (1.76ns)   --->   "br label %.preheader1"   --->   Operation 21 'br' <Predicate = (icmp_ln95)> <Delay = 1.76>

State 3 <SV = 2> <Delay = 4.89>
ST_3 : Operation 22 [1/1] (0.00ns)   --->   "%low_0 = phi i5 [ %low, %1 ], [ 0, %.preheader2.preheader ]"   --->   Operation 22 'phi' 'low_0' <Predicate = true> <Delay = 0.00>
ST_3 : Operation 23 [1/1] (0.00ns)   --->   "%low_0_cast = zext i5 %low_0 to i11" [f_b_4_new_network/forw_back_new_network.c:96]   --->   Operation 23 'zext' 'low_0_cast' <Predicate = true> <Delay = 0.00>
ST_3 : Operation 24 [1/1] (0.00ns)   --->   "%empty_136 = call i32 (...)* @_ssdm_op_SpecLoopTripCount(i64 28, i64 28, i64 28)"   --->   Operation 24 'speclooptripcount' 'empty_136' <Predicate = true> <Delay = 0.00>
ST_3 : Operation 25 [1/1] (1.36ns)   --->   "%icmp_ln96 = icmp eq i5 %low_0, -4" [f_b_4_new_network/forw_back_new_network.c:96]   --->   Operation 25 'icmp' 'icmp_ln96' <Predicate = true> <Delay = 1.36> <Core = "Cmp">   --->   Core 25 'Cmp' <Latency = 0> <II = 1> <Delay = 1.30> <FuncUnit> <Opcode : 'icmp'> <InPorts = 2> <OutPorts = 1>
ST_3 : Operation 26 [1/1] (1.78ns)   --->   "%low = add i5 %low_0, 1" [f_b_4_new_network/forw_back_new_network.c:96]   --->   Operation 26 'add' 'low' <Predicate = true> <Delay = 1.78> <Core = "AddSub">   --->   Core 14 'AddSub' <Latency = 0> <II = 1> <Delay = 2.55> <FuncUnit> <Opcode : 'add' 'sub'> <InPorts = 2> <OutPorts = 1>
ST_3 : Operation 27 [1/1] (0.00ns)   --->   "br i1 %icmp_ln96, label %.loopexit.loopexit, label %1" [f_b_4_new_network/forw_back_new_network.c:96]   --->   Operation 27 'br' <Predicate = true> <Delay = 0.00>
ST_3 : Operation 28 [1/1] (1.63ns)   --->   "%add_ln97 = add i11 %sub_ln97, %low_0_cast" [f_b_4_new_network/forw_back_new_network.c:97]   --->   Operation 28 'add' 'add_ln97' <Predicate = (!icmp_ln96)> <Delay = 1.63> <Core = "AddSub">   --->   Core 14 'AddSub' <Latency = 0> <II = 1> <Delay = 2.55> <FuncUnit> <Opcode : 'add' 'sub'> <InPorts = 2> <OutPorts = 1>
ST_3 : Operation 29 [1/1] (0.00ns)   --->   "%sext_ln97 = sext i11 %add_ln97 to i32" [f_b_4_new_network/forw_back_new_network.c:97]   --->   Operation 29 'sext' 'sext_ln97' <Predicate = (!icmp_ln96)> <Delay = 0.00>
ST_3 : Operation 30 [1/1] (0.00ns)   --->   "%zext_ln97 = zext i32 %sext_ln97 to i64" [f_b_4_new_network/forw_back_new_network.c:97]   --->   Operation 30 'zext' 'zext_ln97' <Predicate = (!icmp_ln96)> <Delay = 0.00>
ST_3 : Operation 31 [1/1] (0.00ns)   --->   "%output_matrix_addr = getelementptr [784 x float]* %output_matrix, i64 0, i64 %zext_ln97" [f_b_4_new_network/forw_back_new_network.c:97]   --->   Operation 31 'getelementptr' 'output_matrix_addr' <Predicate = (!icmp_ln96)> <Delay = 0.00>
ST_3 : Operation 32 [1/1] (3.25ns)   --->   "store float 0.000000e+00, float* %output_matrix_addr, align 4" [f_b_4_new_network/forw_back_new_network.c:97]   --->   Operation 32 'store' <Predicate = (!icmp_ln96)> <Delay = 3.25> <Core = "RAM">   --->   Core 37 'RAM' <Latency = 1> <II = 1> <Delay = 3.25> <Storage> <Opcode : 'load' 'store'> <Ports = 2> <Width = 32> <Depth = 784> <RAM>
ST_3 : Operation 33 [1/1] (0.00ns)   --->   "br label %.preheader2" [f_b_4_new_network/forw_back_new_network.c:96]   --->   Operation 33 'br' <Predicate = (!icmp_ln96)> <Delay = 0.00>
ST_3 : Operation 34 [1/1] (0.00ns)   --->   "br label %.loopexit"   --->   Operation 34 'br' <Predicate = (icmp_ln96)> <Delay = 0.00>

State 4 <SV = 2> <Delay = 1.91>
ST_4 : Operation 35 [1/1] (0.00ns)   --->   "%i_0 = phi i4 [ %i, %.preheader1.loopexit ], [ 0, %.preheader1.preheader ]"   --->   Operation 35 'phi' 'i_0' <Predicate = true> <Delay = 0.00>
ST_4 : Operation 36 [1/1] (0.00ns)   --->   "%empty_137 = call i32 (...)* @_ssdm_op_SpecLoopTripCount(i64 14, i64 14, i64 14)"   --->   Operation 36 'speclooptripcount' 'empty_137' <Predicate = true> <Delay = 0.00>
ST_4 : Operation 37 [1/1] (1.30ns)   --->   "%icmp_ln99 = icmp eq i4 %i_0, -2" [f_b_4_new_network/forw_back_new_network.c:99]   --->   Operation 37 'icmp' 'icmp_ln99' <Predicate = true> <Delay = 1.30> <Core = "Cmp">   --->   Core 25 'Cmp' <Latency = 0> <II = 1> <Delay = 1.30> <FuncUnit> <Opcode : 'icmp'> <InPorts = 2> <OutPorts = 1>
ST_4 : Operation 38 [1/1] (1.73ns)   --->   "%i = add i4 %i_0, 1" [f_b_4_new_network/forw_back_new_network.c:99]   --->   Operation 38 'add' 'i' <Predicate = true> <Delay = 1.73> <Core = "AddSub">   --->   Core 14 'AddSub' <Latency = 0> <II = 1> <Delay = 2.55> <FuncUnit> <Opcode : 'add' 'sub'> <InPorts = 2> <OutPorts = 1>
ST_4 : Operation 39 [1/1] (0.00ns)   --->   "br i1 %icmp_ln99, label %3, label %.preheader.preheader" [f_b_4_new_network/forw_back_new_network.c:99]   --->   Operation 39 'br' <Predicate = true> <Delay = 0.00>
ST_4 : Operation 40 [1/1] (0.00ns)   --->   "%shl_ln8 = call i8 @_ssdm_op_BitConcatenate.i8.i4.i4(i4 %i_0, i4 0)" [f_b_4_new_network/forw_back_new_network.c:101]   --->   Operation 40 'bitconcatenate' 'shl_ln8' <Predicate = (!icmp_ln99)> <Delay = 0.00>
ST_4 : Operation 41 [1/1] (0.00ns)   --->   "%zext_ln101_1 = zext i8 %shl_ln8 to i9" [f_b_4_new_network/forw_back_new_network.c:101]   --->   Operation 41 'zext' 'zext_ln101_1' <Predicate = (!icmp_ln99)> <Delay = 0.00>
ST_4 : Operation 42 [1/1] (0.00ns)   --->   "%shl_ln101_2 = call i5 @_ssdm_op_BitConcatenate.i5.i4.i1(i4 %i_0, i1 false)" [f_b_4_new_network/forw_back_new_network.c:101]   --->   Operation 42 'bitconcatenate' 'shl_ln101_2' <Predicate = (!icmp_ln99)> <Delay = 0.00>
ST_4 : Operation 43 [1/1] (0.00ns)   --->   "%zext_ln101_2 = zext i5 %shl_ln101_2 to i9" [f_b_4_new_network/forw_back_new_network.c:101]   --->   Operation 43 'zext' 'zext_ln101_2' <Predicate = (!icmp_ln99)> <Delay = 0.00>
ST_4 : Operation 44 [1/1] (1.91ns)   --->   "%sub_ln101 = sub i9 %zext_ln101_1, %zext_ln101_2" [f_b_4_new_network/forw_back_new_network.c:101]   --->   Operation 44 'sub' 'sub_ln101' <Predicate = (!icmp_ln99)> <Delay = 1.91> <Core = "AddSub">   --->   Core 14 'AddSub' <Latency = 0> <II = 1> <Delay = 2.55> <FuncUnit> <Opcode : 'add' 'sub'> <InPorts = 2> <OutPorts = 1>
ST_4 : Operation 45 [1/1] (1.76ns)   --->   "br label %.preheader" [f_b_4_new_network/forw_back_new_network.c:100]   --->   Operation 45 'br' <Predicate = (!icmp_ln99)> <Delay = 1.76>
ST_4 : Operation 46 [1/1] (0.00ns)   --->   "ret void" [f_b_4_new_network/forw_back_new_network.c:104]   --->   Operation 46 'ret' <Predicate = (icmp_ln99)> <Delay = 0.00>

State 5 <SV = 3> <Delay = 5.07>
ST_5 : Operation 47 [1/1] (0.00ns)   --->   "%j_0 = phi i4 [ %j, %2 ], [ 0, %.preheader.preheader ]"   --->   Operation 47 'phi' 'j_0' <Predicate = true> <Delay = 0.00>
ST_5 : Operation 48 [1/1] (0.00ns)   --->   "%j_0_cast = zext i4 %j_0 to i9" [f_b_4_new_network/forw_back_new_network.c:100]   --->   Operation 48 'zext' 'j_0_cast' <Predicate = true> <Delay = 0.00>
ST_5 : Operation 49 [1/1] (0.00ns)   --->   "%empty_138 = call i32 (...)* @_ssdm_op_SpecLoopTripCount(i64 14, i64 14, i64 14)"   --->   Operation 49 'speclooptripcount' 'empty_138' <Predicate = true> <Delay = 0.00>
ST_5 : Operation 50 [1/1] (1.30ns)   --->   "%icmp_ln100 = icmp eq i4 %j_0, -2" [f_b_4_new_network/forw_back_new_network.c:100]   --->   Operation 50 'icmp' 'icmp_ln100' <Predicate = true> <Delay = 1.30> <Core = "Cmp">   --->   Core 25 'Cmp' <Latency = 0> <II = 1> <Delay = 1.30> <FuncUnit> <Opcode : 'icmp'> <InPorts = 2> <OutPorts = 1>
ST_5 : Operation 51 [1/1] (1.73ns)   --->   "%j = add i4 %j_0, 1" [f_b_4_new_network/forw_back_new_network.c:100]   --->   Operation 51 'add' 'j' <Predicate = true> <Delay = 1.73> <Core = "AddSub">   --->   Core 14 'AddSub' <Latency = 0> <II = 1> <Delay = 2.55> <FuncUnit> <Opcode : 'add' 'sub'> <InPorts = 2> <OutPorts = 1>
ST_5 : Operation 52 [1/1] (0.00ns)   --->   "br i1 %icmp_ln100, label %.preheader1.loopexit, label %2" [f_b_4_new_network/forw_back_new_network.c:100]   --->   Operation 52 'br' <Predicate = true> <Delay = 0.00>
ST_5 : Operation 53 [1/1] (1.82ns)   --->   "%add_ln101 = add i9 %j_0_cast, %sub_ln101" [f_b_4_new_network/forw_back_new_network.c:101]   --->   Operation 53 'add' 'add_ln101' <Predicate = (!icmp_ln100)> <Delay = 1.82> <Core = "AddSub">   --->   Core 14 'AddSub' <Latency = 0> <II = 1> <Delay = 2.55> <FuncUnit> <Opcode : 'add' 'sub'> <InPorts = 2> <OutPorts = 1>
ST_5 : Operation 54 [1/1] (0.00ns)   --->   "%sext_ln101 = sext i9 %add_ln101 to i32" [f_b_4_new_network/forw_back_new_network.c:101]   --->   Operation 54 'sext' 'sext_ln101' <Predicate = (!icmp_ln100)> <Delay = 0.00>
ST_5 : Operation 55 [1/1] (0.00ns)   --->   "%zext_ln101 = zext i32 %sext_ln101 to i64" [f_b_4_new_network/forw_back_new_network.c:101]   --->   Operation 55 'zext' 'zext_ln101' <Predicate = (!icmp_ln100)> <Delay = 0.00>
ST_5 : Operation 56 [1/1] (0.00ns)   --->   "%max_poo_locate_1_add = getelementptr [196 x float]* @max_poo_locate_1, i64 0, i64 %zext_ln101" [f_b_4_new_network/forw_back_new_network.c:101]   --->   Operation 56 'getelementptr' 'max_poo_locate_1_add' <Predicate = (!icmp_ln100)> <Delay = 0.00>
ST_5 : Operation 57 [2/2] (3.25ns)   --->   "%max_poo_locate_1_loa = load float* %max_poo_locate_1_add, align 4" [f_b_4_new_network/forw_back_new_network.c:101]   --->   Operation 57 'load' 'max_poo_locate_1_loa' <Predicate = (!icmp_ln100)> <Delay = 3.25> <Core = "RAM">   --->   Core 37 'RAM' <Latency = 1> <II = 1> <Delay = 3.25> <Storage> <Opcode : 'load' 'store'> <Ports = 2> <Width = 32> <Depth = 784> <RAM>
ST_5 : Operation 58 [1/1] (0.00ns)   --->   "%input_matrix_addr = getelementptr [196 x float]* %input_matrix, i64 0, i64 %zext_ln101" [f_b_4_new_network/forw_back_new_network.c:102]   --->   Operation 58 'getelementptr' 'input_matrix_addr' <Predicate = (!icmp_ln100)> <Delay = 0.00>
ST_5 : Operation 59 [2/2] (3.25ns)   --->   "%input_matrix_load = load float* %input_matrix_addr, align 4" [f_b_4_new_network/forw_back_new_network.c:102]   --->   Operation 59 'load' 'input_matrix_load' <Predicate = (!icmp_ln100)> <Delay = 3.25> <Core = "RAM">   --->   Core 37 'RAM' <Latency = 1> <II = 1> <Delay = 3.25> <Storage> <Opcode : 'load' 'store'> <Ports = 2> <Width = 32> <Depth = 784> <RAM>
ST_5 : Operation 60 [1/1] (0.00ns)   --->   "br label %.preheader1"   --->   Operation 60 'br' <Predicate = (icmp_ln100)> <Delay = 0.00>

State 6 <SV = 4> <Delay = 3.25>
ST_6 : Operation 61 [1/2] (3.25ns)   --->   "%max_poo_locate_1_loa = load float* %max_poo_locate_1_add, align 4" [f_b_4_new_network/forw_back_new_network.c:101]   --->   Operation 61 'load' 'max_poo_locate_1_loa' <Predicate = true> <Delay = 3.25> <Core = "RAM">   --->   Core 37 'RAM' <Latency = 1> <II = 1> <Delay = 3.25> <Storage> <Opcode : 'load' 'store'> <Ports = 2> <Width = 32> <Depth = 784> <RAM>
ST_6 : Operation 62 [1/2] (3.25ns)   --->   "%input_matrix_load = load float* %input_matrix_addr, align 4" [f_b_4_new_network/forw_back_new_network.c:102]   --->   Operation 62 'load' 'input_matrix_load' <Predicate = true> <Delay = 3.25> <Core = "RAM">   --->   Core 37 'RAM' <Latency = 1> <II = 1> <Delay = 3.25> <Storage> <Opcode : 'load' 'store'> <Ports = 2> <Width = 32> <Depth = 784> <RAM>

State 7 <SV = 5> <Delay = 7.30>
ST_7 : Operation 63 [1/1] (0.00ns)   --->   "%p_Val2_s = bitcast float %max_poo_locate_1_loa to i32" [r:/builds/2019.1/continuous/2019_05_24_2552052/src/products/hls/hls_lib/src/hls\utils/x_hls_utils.h:310->r:/builds/2019.1/continuous/2019_05_24_2552052/src/products/hls/hls_lib/src/hls\utils/x_hls_utils.h:319->r:/builds/2019.1/continuous/2019_05_24_2552052/src/products/hls/hls_lib/hlsmath/include/FloatingPoint\hls_case_IEEE754.h:13->r:/builds/2019.1/continuous/2019_05_24_2552052/src/products/hls/hls_lib/hlsmath/include/FloatingPoint\hls_case_IEEE754.h:117->r:/builds/2019.1/continuous/2019_05_24_2552052/src/products/hls/hls_lib/hlsmath/src/lib_floatconversion.cpp:51->f_b_4_new_network/forw_back_new_network.c:101]   --->   Operation 63 'bitcast' 'p_Val2_s' <Predicate = true> <Delay = 0.00>
ST_7 : Operation 64 [1/1] (0.00ns)   --->   "%p_Result_s = call i1 @_ssdm_op_BitSelect.i1.i32.i32(i32 %p_Val2_s, i32 31)" [r:/builds/2019.1/continuous/2019_05_24_2552052/src/products/hls/hls_lib/src/hls\utils/x_hls_utils.h:316->r:/builds/2019.1/continuous/2019_05_24_2552052/src/products/hls/hls_lib/src/hls\utils/x_hls_utils.h:319->r:/builds/2019.1/continuous/2019_05_24_2552052/src/products/hls/hls_lib/hlsmath/include/FloatingPoint\hls_case_IEEE754.h:13->r:/builds/2019.1/continuous/2019_05_24_2552052/src/products/hls/hls_lib/hlsmath/include/FloatingPoint\hls_case_IEEE754.h:117->r:/builds/2019.1/continuous/2019_05_24_2552052/src/products/hls/hls_lib/hlsmath/src/lib_floatconversion.cpp:51->f_b_4_new_network/forw_back_new_network.c:101]   --->   Operation 64 'bitselect' 'p_Result_s' <Predicate = true> <Delay = 0.00>
ST_7 : Operation 65 [1/1] (0.00ns)   --->   "%tmp_V = call i8 @_ssdm_op_PartSelect.i8.i32.i32.i32(i32 %p_Val2_s, i32 23, i32 30) nounwind" [r:/builds/2019.1/continuous/2019_05_24_2552052/src/products/hls/hls_lib/src/hls\utils/x_hls_utils.h:317->r:/builds/2019.1/continuous/2019_05_24_2552052/src/products/hls/hls_lib/src/hls\utils/x_hls_utils.h:319->r:/builds/2019.1/continuous/2019_05_24_2552052/src/products/hls/hls_lib/hlsmath/include/FloatingPoint\hls_case_IEEE754.h:13->r:/builds/2019.1/continuous/2019_05_24_2552052/src/products/hls/hls_lib/hlsmath/include/FloatingPoint\hls_case_IEEE754.h:117->r:/builds/2019.1/continuous/2019_05_24_2552052/src/products/hls/hls_lib/hlsmath/src/lib_floatconversion.cpp:51->f_b_4_new_network/forw_back_new_network.c:101]   --->   Operation 65 'partselect' 'tmp_V' <Predicate = true> <Delay = 0.00>
ST_7 : Operation 66 [1/1] (0.00ns)   --->   "%tmp_V_3 = trunc i32 %p_Val2_s to i23" [r:/builds/2019.1/continuous/2019_05_24_2552052/src/products/hls/hls_lib/src/hls\utils/x_hls_utils.h:318->r:/builds/2019.1/continuous/2019_05_24_2552052/src/products/hls/hls_lib/src/hls\utils/x_hls_utils.h:319->r:/builds/2019.1/continuous/2019_05_24_2552052/src/products/hls/hls_lib/hlsmath/include/FloatingPoint\hls_case_IEEE754.h:13->r:/builds/2019.1/continuous/2019_05_24_2552052/src/products/hls/hls_lib/hlsmath/include/FloatingPoint\hls_case_IEEE754.h:117->r:/builds/2019.1/continuous/2019_05_24_2552052/src/products/hls/hls_lib/hlsmath/src/lib_floatconversion.cpp:51->f_b_4_new_network/forw_back_new_network.c:101]   --->   Operation 66 'trunc' 'tmp_V_3' <Predicate = true> <Delay = 0.00>
ST_7 : Operation 67 [1/1] (0.00ns)   --->   "%mantissa_V = call i25 @_ssdm_op_BitConcatenate.i25.i1.i23.i1(i1 true, i23 %tmp_V_3, i1 false)" [r:/builds/2019.1/continuous/2019_05_24_2552052/src/products/hls/hls_lib/hlsmath/include/FloatingPoint\hls_case_IEEE754.h:15->r:/builds/2019.1/continuous/2019_05_24_2552052/src/products/hls/hls_lib/hlsmath/include/FloatingPoint\hls_case_IEEE754.h:117->r:/builds/2019.1/continuous/2019_05_24_2552052/src/products/hls/hls_lib/hlsmath/src/lib_floatconversion.cpp:51->f_b_4_new_network/forw_back_new_network.c:101]   --->   Operation 67 'bitconcatenate' 'mantissa_V' <Predicate = true> <Delay = 0.00>
ST_7 : Operation 68 [1/1] (0.00ns) (grouped into LUT with out node p_Val2_17)   --->   "%zext_ln682 = zext i25 %mantissa_V to i79" [r:/builds/2019.1/continuous/2019_05_24_2552052/src/products/hls/hls_lib/hlsmath/include/FloatingPoint\hls_case_IEEE754.h:15->r:/builds/2019.1/continuous/2019_05_24_2552052/src/products/hls/hls_lib/hlsmath/include/FloatingPoint\hls_case_IEEE754.h:117->r:/builds/2019.1/continuous/2019_05_24_2552052/src/products/hls/hls_lib/hlsmath/src/lib_floatconversion.cpp:51->f_b_4_new_network/forw_back_new_network.c:101]   --->   Operation 68 'zext' 'zext_ln682' <Predicate = true> <Delay = 0.00>
ST_7 : Operation 69 [1/1] (0.00ns)   --->   "%zext_ln339 = zext i8 %tmp_V to i9" [r:/builds/2019.1/continuous/2019_05_24_2552052/src/products/hls/hls_lib/src/hls\utils/x_hls_utils.h:339->r:/builds/2019.1/continuous/2019_05_24_2552052/src/products/hls/hls_lib/hlsmath/include/FloatingPoint\hls_case_IEEE754.h:18->r:/builds/2019.1/continuous/2019_05_24_2552052/src/products/hls/hls_lib/hlsmath/include/FloatingPoint\hls_case_IEEE754.h:117->r:/builds/2019.1/continuous/2019_05_24_2552052/src/products/hls/hls_lib/hlsmath/src/lib_floatconversion.cpp:51->f_b_4_new_network/forw_back_new_network.c:101]   --->   Operation 69 'zext' 'zext_ln339' <Predicate = true> <Delay = 0.00>
ST_7 : Operation 70 [1/1] (1.91ns)   --->   "%add_ln339 = add i9 -127, %zext_ln339" [r:/builds/2019.1/continuous/2019_05_24_2552052/src/products/hls/hls_lib/src/hls\utils/x_hls_utils.h:339->r:/builds/2019.1/continuous/2019_05_24_2552052/src/products/hls/hls_lib/hlsmath/include/FloatingPoint\hls_case_IEEE754.h:18->r:/builds/2019.1/continuous/2019_05_24_2552052/src/products/hls/hls_lib/hlsmath/include/FloatingPoint\hls_case_IEEE754.h:117->r:/builds/2019.1/continuous/2019_05_24_2552052/src/products/hls/hls_lib/hlsmath/src/lib_floatconversion.cpp:51->f_b_4_new_network/forw_back_new_network.c:101]   --->   Operation 70 'add' 'add_ln339' <Predicate = true> <Delay = 1.91> <Core = "AddSub">   --->   Core 14 'AddSub' <Latency = 0> <II = 1> <Delay = 2.55> <FuncUnit> <Opcode : 'add' 'sub'> <InPorts = 2> <OutPorts = 1>
ST_7 : Operation 71 [1/1] (0.00ns)   --->   "%isNeg = call i1 @_ssdm_op_BitSelect.i1.i9.i32(i9 %add_ln339, i32 8)" [r:/builds/2019.1/continuous/2019_05_24_2552052/src/products/hls/hls_lib/hlsmath/include/FloatingPoint\hls_case_IEEE754.h:18->r:/builds/2019.1/continuous/2019_05_24_2552052/src/products/hls/hls_lib/hlsmath/include/FloatingPoint\hls_case_IEEE754.h:117->r:/builds/2019.1/continuous/2019_05_24_2552052/src/products/hls/hls_lib/hlsmath/src/lib_floatconversion.cpp:51->f_b_4_new_network/forw_back_new_network.c:101]   --->   Operation 71 'bitselect' 'isNeg' <Predicate = true> <Delay = 0.00>
ST_7 : Operation 72 [1/1] (1.91ns)   --->   "%sub_ln1311 = sub i8 127, %tmp_V" [r:/builds/2019.1/continuous/2019_05_24_2552052/src/products/hls/hls_lib/hlsmath/include/FloatingPoint\hls_case_IEEE754.h:18->r:/builds/2019.1/continuous/2019_05_24_2552052/src/products/hls/hls_lib/hlsmath/include/FloatingPoint\hls_case_IEEE754.h:117->r:/builds/2019.1/continuous/2019_05_24_2552052/src/products/hls/hls_lib/hlsmath/src/lib_floatconversion.cpp:51->f_b_4_new_network/forw_back_new_network.c:101]   --->   Operation 72 'sub' 'sub_ln1311' <Predicate = true> <Delay = 1.91> <Core = "AddSub">   --->   Core 14 'AddSub' <Latency = 0> <II = 1> <Delay = 2.55> <FuncUnit> <Opcode : 'add' 'sub'> <InPorts = 2> <OutPorts = 1>
ST_7 : Operation 73 [1/1] (0.00ns)   --->   "%sext_ln1311 = sext i8 %sub_ln1311 to i9" [r:/builds/2019.1/continuous/2019_05_24_2552052/src/products/hls/hls_lib/hlsmath/include/FloatingPoint\hls_case_IEEE754.h:18->r:/builds/2019.1/continuous/2019_05_24_2552052/src/products/hls/hls_lib/hlsmath/include/FloatingPoint\hls_case_IEEE754.h:117->r:/builds/2019.1/continuous/2019_05_24_2552052/src/products/hls/hls_lib/hlsmath/src/lib_floatconversion.cpp:51->f_b_4_new_network/forw_back_new_network.c:101]   --->   Operation 73 'sext' 'sext_ln1311' <Predicate = true> <Delay = 0.00>
ST_7 : Operation 74 [1/1] (0.96ns)   --->   "%ush = select i1 %isNeg, i9 %sext_ln1311, i9 %add_ln339" [r:/builds/2019.1/continuous/2019_05_24_2552052/src/products/hls/hls_lib/hlsmath/include/FloatingPoint\hls_case_IEEE754.h:18->r:/builds/2019.1/continuous/2019_05_24_2552052/src/products/hls/hls_lib/hlsmath/include/FloatingPoint\hls_case_IEEE754.h:117->r:/builds/2019.1/continuous/2019_05_24_2552052/src/products/hls/hls_lib/hlsmath/src/lib_floatconversion.cpp:51->f_b_4_new_network/forw_back_new_network.c:101]   --->   Operation 74 'select' 'ush' <Predicate = true> <Delay = 0.96> <Core = "Sel">   --->   Core 26 'Sel' <Latency = 0> <II = 1> <Delay = 0.69> <FuncUnit> <Opcode : 'select'> <InPorts = 3> <OutPorts = 1>
ST_7 : Operation 75 [1/1] (0.00ns) (grouped into LUT with out node p_Val2_17)   --->   "%sext_ln1311_3 = sext i9 %ush to i32" [r:/builds/2019.1/continuous/2019_05_24_2552052/src/products/hls/hls_lib/hlsmath/include/FloatingPoint\hls_case_IEEE754.h:18->r:/builds/2019.1/continuous/2019_05_24_2552052/src/products/hls/hls_lib/hlsmath/include/FloatingPoint\hls_case_IEEE754.h:117->r:/builds/2019.1/continuous/2019_05_24_2552052/src/products/hls/hls_lib/hlsmath/src/lib_floatconversion.cpp:51->f_b_4_new_network/forw_back_new_network.c:101]   --->   Operation 75 'sext' 'sext_ln1311_3' <Predicate = true> <Delay = 0.00>
ST_7 : Operation 76 [1/1] (0.00ns) (grouped into LUT with out node p_Val2_17)   --->   "%sext_ln1311_4 = sext i9 %ush to i25" [r:/builds/2019.1/continuous/2019_05_24_2552052/src/products/hls/hls_lib/hlsmath/include/FloatingPoint\hls_case_IEEE754.h:18->r:/builds/2019.1/continuous/2019_05_24_2552052/src/products/hls/hls_lib/hlsmath/include/FloatingPoint\hls_case_IEEE754.h:117->r:/builds/2019.1/continuous/2019_05_24_2552052/src/products/hls/hls_lib/hlsmath/src/lib_floatconversion.cpp:51->f_b_4_new_network/forw_back_new_network.c:101]   --->   Operation 76 'sext' 'sext_ln1311_4' <Predicate = true> <Delay = 0.00>
ST_7 : Operation 77 [1/1] (0.00ns) (grouped into LUT with out node p_Val2_17)   --->   "%zext_ln1287 = zext i32 %sext_ln1311_3 to i79" [r:/builds/2019.1/continuous/2019_05_24_2552052/src/products/hls/hls_lib/hlsmath/include/FloatingPoint\hls_case_IEEE754.h:18->r:/builds/2019.1/continuous/2019_05_24_2552052/src/products/hls/hls_lib/hlsmath/include/FloatingPoint\hls_case_IEEE754.h:117->r:/builds/2019.1/continuous/2019_05_24_2552052/src/products/hls/hls_lib/hlsmath/src/lib_floatconversion.cpp:51->f_b_4_new_network/forw_back_new_network.c:101]   --->   Operation 77 'zext' 'zext_ln1287' <Predicate = true> <Delay = 0.00>
ST_7 : Operation 78 [1/1] (0.00ns) (grouped into LUT with out node p_Val2_17)   --->   "%r_V = lshr i25 %mantissa_V, %sext_ln1311_4" [r:/builds/2019.1/continuous/2019_05_24_2552052/src/products/hls/hls_lib/hlsmath/include/FloatingPoint\hls_case_IEEE754.h:18->r:/builds/2019.1/continuous/2019_05_24_2552052/src/products/hls/hls_lib/hlsmath/include/FloatingPoint\hls_case_IEEE754.h:117->r:/builds/2019.1/continuous/2019_05_24_2552052/src/products/hls/hls_lib/hlsmath/src/lib_floatconversion.cpp:51->f_b_4_new_network/forw_back_new_network.c:101]   --->   Operation 78 'lshr' 'r_V' <Predicate = true> <Delay = 0.00> <Core = "Shift">   --->   Core 28 'Shift' <Latency = 0> <II = 1> <Delay = 4.42> <FuncUnit> <Opcode : 'shl' 'lshr' 'ashr'> <InPorts = 2> <OutPorts = 1>
ST_7 : Operation 79 [1/1] (0.00ns) (grouped into LUT with out node p_Val2_17)   --->   "%r_V_3 = shl i79 %zext_ln682, %zext_ln1287" [r:/builds/2019.1/continuous/2019_05_24_2552052/src/products/hls/hls_lib/hlsmath/include/FloatingPoint\hls_case_IEEE754.h:18->r:/builds/2019.1/continuous/2019_05_24_2552052/src/products/hls/hls_lib/hlsmath/include/FloatingPoint\hls_case_IEEE754.h:117->r:/builds/2019.1/continuous/2019_05_24_2552052/src/products/hls/hls_lib/hlsmath/src/lib_floatconversion.cpp:51->f_b_4_new_network/forw_back_new_network.c:101]   --->   Operation 79 'shl' 'r_V_3' <Predicate = true> <Delay = 0.00> <Core = "Shift">   --->   Core 28 'Shift' <Latency = 0> <II = 1> <Delay = 4.42> <FuncUnit> <Opcode : 'shl' 'lshr' 'ashr'> <InPorts = 2> <OutPorts = 1>
ST_7 : Operation 80 [1/1] (0.00ns) (grouped into LUT with out node p_Val2_17)   --->   "%tmp = call i1 @_ssdm_op_BitSelect.i1.i25.i32(i25 %r_V, i32 24)" [r:/builds/2019.1/continuous/2019_05_24_2552052/src/products/hls/hls_lib/hlsmath/include/FloatingPoint\hls_case_IEEE754.h:21->r:/builds/2019.1/continuous/2019_05_24_2552052/src/products/hls/hls_lib/hlsmath/include/FloatingPoint\hls_case_IEEE754.h:117->r:/builds/2019.1/continuous/2019_05_24_2552052/src/products/hls/hls_lib/hlsmath/src/lib_floatconversion.cpp:51->f_b_4_new_network/forw_back_new_network.c:101]   --->   Operation 80 'bitselect' 'tmp' <Predicate = true> <Delay = 0.00>
ST_7 : Operation 81 [1/1] (0.00ns) (grouped into LUT with out node p_Val2_17)   --->   "%zext_ln662 = zext i1 %tmp to i32" [r:/builds/2019.1/continuous/2019_05_24_2552052/src/products/hls/hls_lib/hlsmath/include/FloatingPoint\hls_case_IEEE754.h:21->r:/builds/2019.1/continuous/2019_05_24_2552052/src/products/hls/hls_lib/hlsmath/include/FloatingPoint\hls_case_IEEE754.h:117->r:/builds/2019.1/continuous/2019_05_24_2552052/src/products/hls/hls_lib/hlsmath/src/lib_floatconversion.cpp:51->f_b_4_new_network/forw_back_new_network.c:101]   --->   Operation 81 'zext' 'zext_ln662' <Predicate = true> <Delay = 0.00>
ST_7 : Operation 82 [1/1] (0.00ns) (grouped into LUT with out node p_Val2_17)   --->   "%tmp_12 = call i32 @_ssdm_op_PartSelect.i32.i79.i32.i32(i79 %r_V_3, i32 24, i32 55)" [r:/builds/2019.1/continuous/2019_05_24_2552052/src/products/hls/hls_lib/hlsmath/include/FloatingPoint\hls_case_IEEE754.h:21->r:/builds/2019.1/continuous/2019_05_24_2552052/src/products/hls/hls_lib/hlsmath/include/FloatingPoint\hls_case_IEEE754.h:117->r:/builds/2019.1/continuous/2019_05_24_2552052/src/products/hls/hls_lib/hlsmath/src/lib_floatconversion.cpp:51->f_b_4_new_network/forw_back_new_network.c:101]   --->   Operation 82 'partselect' 'tmp_12' <Predicate = true> <Delay = 0.00>
ST_7 : Operation 83 [1/1] (4.42ns) (out node of the LUT)   --->   "%p_Val2_17 = select i1 %isNeg, i32 %zext_ln662, i32 %tmp_12" [r:/builds/2019.1/continuous/2019_05_24_2552052/src/products/hls/hls_lib/hlsmath/include/FloatingPoint\hls_case_IEEE754.h:18->r:/builds/2019.1/continuous/2019_05_24_2552052/src/products/hls/hls_lib/hlsmath/include/FloatingPoint\hls_case_IEEE754.h:117->r:/builds/2019.1/continuous/2019_05_24_2552052/src/products/hls/hls_lib/hlsmath/src/lib_floatconversion.cpp:51->f_b_4_new_network/forw_back_new_network.c:101]   --->   Operation 83 'select' 'p_Val2_17' <Predicate = true> <Delay = 4.42> <Core = "Sel">   --->   Core 26 'Sel' <Latency = 0> <II = 1> <Delay = 0.69> <FuncUnit> <Opcode : 'select'> <InPorts = 3> <OutPorts = 1>

State 8 <SV = 6> <Delay = 6.50>
ST_8 : Operation 84 [1/1] (2.55ns)   --->   "%result_V_3 = sub i32 0, %p_Val2_17" [r:/builds/2019.1/continuous/2019_05_24_2552052/src/products/hls/hls_lib/hlsmath/include/FloatingPoint\hls_case_IEEE754.h:59->r:/builds/2019.1/continuous/2019_05_24_2552052/src/products/hls/hls_lib/hlsmath/include/FloatingPoint\hls_case_IEEE754.h:117->r:/builds/2019.1/continuous/2019_05_24_2552052/src/products/hls/hls_lib/hlsmath/src/lib_floatconversion.cpp:51->f_b_4_new_network/forw_back_new_network.c:101]   --->   Operation 84 'sub' 'result_V_3' <Predicate = (p_Result_s)> <Delay = 2.55> <Core = "AddSub">   --->   Core 14 'AddSub' <Latency = 0> <II = 1> <Delay = 2.55> <FuncUnit> <Opcode : 'add' 'sub'> <InPorts = 2> <OutPorts = 1>
ST_8 : Operation 85 [1/1] (0.69ns)   --->   "%p_Val2_18 = select i1 %p_Result_s, i32 %result_V_3, i32 %p_Val2_17" [r:/builds/2019.1/continuous/2019_05_24_2552052/src/products/hls/hls_lib/hlsmath/include/FloatingPoint\hls_case_IEEE754.h:59->r:/builds/2019.1/continuous/2019_05_24_2552052/src/products/hls/hls_lib/hlsmath/include/FloatingPoint\hls_case_IEEE754.h:117->r:/builds/2019.1/continuous/2019_05_24_2552052/src/products/hls/hls_lib/hlsmath/src/lib_floatconversion.cpp:51->f_b_4_new_network/forw_back_new_network.c:101]   --->   Operation 85 'select' 'p_Val2_18' <Predicate = true> <Delay = 0.69> <Core = "Sel">   --->   Core 26 'Sel' <Latency = 0> <II = 1> <Delay = 0.69> <FuncUnit> <Opcode : 'select'> <InPorts = 3> <OutPorts = 1>
ST_8 : Operation 86 [1/1] (0.00ns)   --->   "%sext_ln102 = sext i32 %p_Val2_18 to i64" [f_b_4_new_network/forw_back_new_network.c:102]   --->   Operation 86 'sext' 'sext_ln102' <Predicate = true> <Delay = 0.00>
ST_8 : Operation 87 [1/1] (0.00ns)   --->   "%output_matrix_addr_2 = getelementptr [784 x float]* %output_matrix, i64 0, i64 %sext_ln102" [f_b_4_new_network/forw_back_new_network.c:102]   --->   Operation 87 'getelementptr' 'output_matrix_addr_2' <Predicate = true> <Delay = 0.00>
ST_8 : Operation 88 [1/1] (3.25ns)   --->   "store float %input_matrix_load, float* %output_matrix_addr_2, align 4" [f_b_4_new_network/forw_back_new_network.c:102]   --->   Operation 88 'store' <Predicate = true> <Delay = 3.25> <Core = "RAM">   --->   Core 37 'RAM' <Latency = 1> <II = 1> <Delay = 3.25> <Storage> <Opcode : 'load' 'store'> <Ports = 2> <Width = 32> <Depth = 784> <RAM>
ST_8 : Operation 89 [1/1] (0.00ns)   --->   "br label %.preheader" [f_b_4_new_network/forw_back_new_network.c:100]   --->   Operation 89 'br' <Predicate = true> <Delay = 0.00>


============================================================
+ Verbose Summary: Timing violations
============================================================
Target clock period: 10ns, clock uncertainty: 1.25ns.

 <State 1>: 1.77ns
The critical path consists of the following:
	multiplexor before 'phi' operation ('col') with incoming values : ('col', f_b_4_new_network/forw_back_new_network.c:95) [6]  (1.77 ns)

 <State 2>: 1.78ns
The critical path consists of the following:
	'phi' operation ('col') with incoming values : ('col', f_b_4_new_network/forw_back_new_network.c:95) [6]  (0 ns)
	'add' operation ('col', f_b_4_new_network/forw_back_new_network.c:95) [9]  (1.78 ns)

 <State 3>: 4.89ns
The critical path consists of the following:
	'phi' operation ('low') with incoming values : ('low', f_b_4_new_network/forw_back_new_network.c:96) [19]  (0 ns)
	'add' operation ('add_ln97', f_b_4_new_network/forw_back_new_network.c:97) [26]  (1.64 ns)
	'getelementptr' operation ('output_matrix_addr', f_b_4_new_network/forw_back_new_network.c:97) [29]  (0 ns)
	'store' operation ('store_ln97', f_b_4_new_network/forw_back_new_network.c:97) of constant 0 on array 'output_matrix' [30]  (3.25 ns)

 <State 4>: 1.92ns
The critical path consists of the following:
	'phi' operation ('i') with incoming values : ('i', f_b_4_new_network/forw_back_new_network.c:99) [37]  (0 ns)
	'sub' operation ('sub_ln101', f_b_4_new_network/forw_back_new_network.c:101) [47]  (1.92 ns)

 <State 5>: 5.08ns
The critical path consists of the following:
	'phi' operation ('j') with incoming values : ('j', f_b_4_new_network/forw_back_new_network.c:100) [50]  (0 ns)
	'add' operation ('add_ln101', f_b_4_new_network/forw_back_new_network.c:101) [57]  (1.82 ns)
	'getelementptr' operation ('max_poo_locate_1_add', f_b_4_new_network/forw_back_new_network.c:101) [60]  (0 ns)
	'load' operation ('x', f_b_4_new_network/forw_back_new_network.c:101) on array 'max_poo_locate_1' [61]  (3.25 ns)

 <State 6>: 3.25ns
The critical path consists of the following:
	'load' operation ('x', f_b_4_new_network/forw_back_new_network.c:101) on array 'max_poo_locate_1' [61]  (3.25 ns)

 <State 7>: 7.3ns
The critical path consists of the following:
	'add' operation ('sh', r:/builds/2019.1/continuous/2019_05_24_2552052/src/products/hls/hls_lib/src/hls\utils/x_hls_utils.h:339->r:/builds/2019.1/continuous/2019_05_24_2552052/src/products/hls/hls_lib/hlsmath/include/FloatingPoint\hls_case_IEEE754.h:18->r:/builds/2019.1/continuous/2019_05_24_2552052/src/products/hls/hls_lib/hlsmath/include/FloatingPoint\hls_case_IEEE754.h:117->r:/builds/2019.1/continuous/2019_05_24_2552052/src/products/hls/hls_lib/hlsmath/src/lib_floatconversion.cpp:51->f_b_4_new_network/forw_back_new_network.c:101) [69]  (1.92 ns)
	'select' operation ('sh', r:/builds/2019.1/continuous/2019_05_24_2552052/src/products/hls/hls_lib/hlsmath/include/FloatingPoint\hls_case_IEEE754.h:18->r:/builds/2019.1/continuous/2019_05_24_2552052/src/products/hls/hls_lib/hlsmath/include/FloatingPoint\hls_case_IEEE754.h:117->r:/builds/2019.1/continuous/2019_05_24_2552052/src/products/hls/hls_lib/hlsmath/src/lib_floatconversion.cpp:51->f_b_4_new_network/forw_back_new_network.c:101) [73]  (0.968 ns)
	'lshr' operation ('r.V', r:/builds/2019.1/continuous/2019_05_24_2552052/src/products/hls/hls_lib/hlsmath/include/FloatingPoint\hls_case_IEEE754.h:18->r:/builds/2019.1/continuous/2019_05_24_2552052/src/products/hls/hls_lib/hlsmath/include/FloatingPoint\hls_case_IEEE754.h:117->r:/builds/2019.1/continuous/2019_05_24_2552052/src/products/hls/hls_lib/hlsmath/src/lib_floatconversion.cpp:51->f_b_4_new_network/forw_back_new_network.c:101) [77]  (0 ns)
	'select' operation ('__Val2__', r:/builds/2019.1/continuous/2019_05_24_2552052/src/products/hls/hls_lib/hlsmath/include/FloatingPoint\hls_case_IEEE754.h:18->r:/builds/2019.1/continuous/2019_05_24_2552052/src/products/hls/hls_lib/hlsmath/include/FloatingPoint\hls_case_IEEE754.h:117->r:/builds/2019.1/continuous/2019_05_24_2552052/src/products/hls/hls_lib/hlsmath/src/lib_floatconversion.cpp:51->f_b_4_new_network/forw_back_new_network.c:101) [82]  (4.42 ns)

 <State 8>: 6.5ns
The critical path consists of the following:
	'sub' operation ('result.V', r:/builds/2019.1/continuous/2019_05_24_2552052/src/products/hls/hls_lib/hlsmath/include/FloatingPoint\hls_case_IEEE754.h:59->r:/builds/2019.1/continuous/2019_05_24_2552052/src/products/hls/hls_lib/hlsmath/include/FloatingPoint\hls_case_IEEE754.h:117->r:/builds/2019.1/continuous/2019_05_24_2552052/src/products/hls/hls_lib/hlsmath/src/lib_floatconversion.cpp:51->f_b_4_new_network/forw_back_new_network.c:101) [83]  (2.55 ns)
	'select' operation ('__Val2__', r:/builds/2019.1/continuous/2019_05_24_2552052/src/products/hls/hls_lib/hlsmath/include/FloatingPoint\hls_case_IEEE754.h:59->r:/builds/2019.1/continuous/2019_05_24_2552052/src/products/hls/hls_lib/hlsmath/include/FloatingPoint\hls_case_IEEE754.h:117->r:/builds/2019.1/continuous/2019_05_24_2552052/src/products/hls/hls_lib/hlsmath/src/lib_floatconversion.cpp:51->f_b_4_new_network/forw_back_new_network.c:101) [84]  (0.698 ns)
	'getelementptr' operation ('output_matrix_addr_2', f_b_4_new_network/forw_back_new_network.c:102) [88]  (0 ns)
	'store' operation ('store_ln102', f_b_4_new_network/forw_back_new_network.c:102) of variable 'input_matrix_load', f_b_4_new_network/forw_back_new_network.c:102 on array 'output_matrix' [89]  (3.25 ns)


============================================================
+ Verbose Summary: Binding
============================================================
N/A
* FSMD analyzer results:
  - Output states:
 - Input state : 
  - Chain level:
	State 1
	State 2
	State 3
	State 4
	State 5
	State 6
	State 7
	State 8


============================================================
+ Verbose Summary: Datapath Resource usage 
============================================================
N/A
