

================================================================
== Vivado HLS Report for 'Conv2d'
================================================================
* Date:           Thu May 11 11:35:01 2023

* Version:        2019.1 (Build 2552052 on Fri May 24 15:28:33 MDT 2019)
* Project:        Zynq-7020-HLS
* Solution:       solution1
* Product family: zynq
* Target device:  xc7z020-clg484-1


================================================================
== Performance Estimates
================================================================
+ Timing (ns): 
    * Summary: 
    +--------+-------+----------+------------+
    |  Clock | Target| Estimated| Uncertainty|
    +--------+-------+----------+------------+
    |ap_clk  |  10.00|     7.256|        1.25|
    +--------+-------+----------+------------+

+ Latency (clock cycles): 
    * Summary: 
    +------+------+------+------+---------+
    |   Latency   |   Interval  | Pipeline|
    |  min |  max |  min |  max |   Type  |
    +------+------+------+------+---------+
    |  1051|  1051|  1051|  1051|   none  |
    +------+------+------+------+---------+

    + Detail: 
        * Instance: 
        N/A

        * Loop: 
        +----------------------+------+------+----------+-----------+-----------+------+----------+
        |                      |   Latency   | Iteration|  Initiation Interval  | Trip |          |
        |       Loop Name      |  min |  max |  Latency |  achieved |   target  | Count| Pipelined|
        +----------------------+------+------+----------+-----------+-----------+------+----------+
        |- Loop 1              |  1050|  1050|       350|          -|          -|     3|    no    |
        | + Loop 1.1           |   348|   348|       116|          -|          -|     3|    no    |
        |  ++ Loop 1.1.1       |   114|   114|        38|          -|          -|     3|    no    |
        |   +++ Conv2d_label0  |    36|    36|        12|          -|          -|     3|    no    |
        +----------------------+------+------+----------+-----------+-----------+------+----------+



================================================================
== Utilization Estimates
================================================================
* Summary: 
+-----------------+---------+-------+--------+-------+-----+
|       Name      | BRAM_18K| DSP48E|   FF   |  LUT  | URAM|
+-----------------+---------+-------+--------+-------+-----+
|DSP              |        -|      -|       -|      -|    -|
|Expression       |        -|      -|       0|    208|    -|
|FIFO             |        -|      -|       -|      -|    -|
|Instance         |        -|      5|     348|    711|    -|
|Memory           |        -|      -|       -|      -|    -|
|Multiplexer      |        -|      -|       -|    187|    -|
|Register         |        -|      -|     265|      -|    -|
+-----------------+---------+-------+--------+-------+-----+
|Total            |        0|      5|     613|   1106|    0|
+-----------------+---------+-------+--------+-------+-----+
|Available        |      280|    220|  106400|  53200|    0|
+-----------------+---------+-------+--------+-------+-----+
|Utilization (%)  |        0|      2|   ~0   |      2|    0|
+-----------------+---------+-------+--------+-------+-----+

+ Detail: 
    * Instance: 
    +--------------------------+----------------------+---------+-------+-----+-----+-----+
    |         Instance         |        Module        | BRAM_18K| DSP48E|  FF | LUT | URAM|
    +--------------------------+----------------------+---------+-------+-----+-----+-----+
    |forw_back_fadd_32bkb_U74  |forw_back_fadd_32bkb  |        0|      2|  205|  390|    0|
    |forw_back_fmul_32cud_U75  |forw_back_fmul_32cud  |        0|      3|  143|  321|    0|
    +--------------------------+----------------------+---------+-------+-----+-----+-----+
    |Total                     |                      |        0|      5|  348|  711|    0|
    +--------------------------+----------------------+---------+-------+-----+-----+-----+

    * DSP48E: 
    N/A

    * Memory: 
    N/A

    * FIFO: 
    N/A

    * Expression: 
    +-----------------------+----------+-------+---+----+------------+------------+
    |     Variable Name     | Operation| DSP48E| FF| LUT| Bitwidth P0| Bitwidth P1|
    +-----------------------+----------+-------+---+----+------------+------------+
    |add_ln28_fu_266_p2     |     +    |      0|  0|  12|           3|           1|
    |add_ln29_fu_348_p2     |     +    |      0|  0|  12|           3|           1|
    |add_ln30_fu_252_p2     |     +    |      0|  0|  15|           5|           5|
    |add_ln33_2_fu_378_p2   |     +    |      0|  0|  15|           9|           9|
    |add_ln33_fu_364_p2     |     +    |      0|  0|  15|           9|           9|
    |col_7_fu_394_p2        |     +    |      0|  0|  12|           3|           1|
    |i_fu_204_p2            |     +    |      0|  0|  10|           2|           1|
    |j_fu_246_p2            |     +    |      0|  0|  10|           2|           1|
    |row_7_fu_388_p2        |     +    |      0|  0|  12|           3|           1|
    |sub_ln30_fu_222_p2     |     -    |      0|  0|  15|           5|           5|
    |sub_ln33_10_fu_337_p2  |     -    |      0|  0|   8|           9|           9|
    |sub_ln33_5_fu_343_p2   |     -    |      0|  0|   8|           9|           9|
    |sub_ln33_9_fu_306_p2   |     -    |      0|  0|  15|           9|           9|
    |sub_ln33_fu_312_p2     |     -    |      0|  0|  13|           4|           4|
    |icmp_ln28_fu_198_p2    |   icmp   |      0|  0|   9|           3|           3|
    |icmp_ln29_fu_240_p2    |   icmp   |      0|  0|   9|           3|           3|
    |icmp_ln31_fu_276_p2    |   icmp   |      0|  0|   9|           3|           3|
    |icmp_ln32_fu_358_p2    |   icmp   |      0|  0|   9|           3|           3|
    +-----------------------+----------+-------+---+----+------------+------------+
    |Total                  |          |      0|  0| 208|          87|          77|
    +-----------------------+----------+-------+---+----+------------+------------+

    * Multiplexer: 
    +---------------------+----+-----------+-----+-----------+
    |         Name        | LUT| Input Size| Bits| Total Bits|
    +---------------------+----+-----------+-----+-----------+
    |ap_NS_fsm            |  85|         17|    1|         17|
    |col_0_reg_146        |   9|          2|    3|          6|
    |col_reg_100          |   9|          2|    2|          4|
    |empty_162_reg_134    |   9|          2|   32|         64|
    |empty_164_reg_156    |   9|          2|   32|         64|
    |indvars_iv5_reg_88   |   9|          2|    3|          6|
    |indvars_iv_reg_111   |   9|          2|    3|          6|
    |out_matrix_address0  |  15|          3|    4|         12|
    |out_matrix_d0        |  15|          3|   32|         96|
    |row_0_reg_168        |   9|          2|    3|          6|
    |row_reg_123          |   9|          2|    2|          4|
    +---------------------+----+-----------+-----+-----------+
    |Total                | 187|         39|  117|        285|
    +---------------------+----+-----------+-----+-----------+

    * Register: 
    +---------------------------+----+----+-----+-----------+
    |            Name           | FF | LUT| Bits| Const Bits|
    +---------------------------+----+----+-----+-----------+
    |ap_CS_fsm                  |  16|   0|   16|          0|
    |col_0_reg_146              |   3|   0|    3|          0|
    |col_cast6_reg_400          |   2|   0|    3|          1|
    |col_cast_reg_405           |   2|   0|    4|          2|
    |col_reg_100                |   2|   0|    2|          0|
    |empty_162_reg_134          |  32|   0|   32|          0|
    |empty_164_reg_156          |  32|   0|   32|          0|
    |i_reg_413                  |   2|   0|    2|          0|
    |indvars_iv5_reg_88         |   3|   0|    3|          0|
    |indvars_iv_reg_111         |   3|   0|    3|          0|
    |input_matrix_load_reg_492  |  32|   0|   32|          0|
    |j_reg_436                  |   2|   0|    2|          0|
    |kernel_load_reg_497        |  32|   0|   32|          0|
    |out_matrix_addr_reg_441    |   4|   0|    4|          0|
    |row_0_reg_168              |   3|   0|    3|          0|
    |row_7_reg_482              |   3|   0|    3|          0|
    |row_reg_123                |   2|   0|    2|          0|
    |sub_ln30_reg_418           |   5|   0|    5|          0|
    |sub_ln33_5_reg_459         |   9|   0|    9|          0|
    |sub_ln33_9_reg_454         |   8|   0|    9|          1|
    |tmp_reg_502                |  32|   0|   32|          0|
    |tmp_s_reg_507              |  32|   0|   32|          0|
    |zext_ln32_10_reg_423       |   2|   0|    3|          1|
    |zext_ln32_11_reg_428       |   2|   0|    9|          7|
    +---------------------------+----+----+-----+-----------+
    |Total                      | 265|   0|  277|         12|
    +---------------------------+----+----+-----+-----------+



================================================================
== Interface
================================================================
* Summary: 
+-----------------------+-----+-----+------------+--------------+--------------+
|       RTL Ports       | Dir | Bits|  Protocol  | Source Object|    C Type    |
+-----------------------+-----+-----+------------+--------------+--------------+
|ap_clk                 |  in |    1| ap_ctrl_hs |    Conv2d    | return value |
|ap_rst                 |  in |    1| ap_ctrl_hs |    Conv2d    | return value |
|ap_start               |  in |    1| ap_ctrl_hs |    Conv2d    | return value |
|ap_done                | out |    1| ap_ctrl_hs |    Conv2d    | return value |
|ap_idle                | out |    1| ap_ctrl_hs |    Conv2d    | return value |
|ap_ready               | out |    1| ap_ctrl_hs |    Conv2d    | return value |
|input_matrix_address0  | out |   10|  ap_memory | input_matrix |     array    |
|input_matrix_ce0       | out |    1|  ap_memory | input_matrix |     array    |
|input_matrix_q0        |  in |   32|  ap_memory | input_matrix |     array    |
|kernel_address0        | out |   10|  ap_memory |    kernel    |     array    |
|kernel_ce0             | out |    1|  ap_memory |    kernel    |     array    |
|kernel_q0              |  in |   32|  ap_memory |    kernel    |     array    |
|out_matrix_address0    | out |    4|  ap_memory |  out_matrix  |     array    |
|out_matrix_ce0         | out |    1|  ap_memory |  out_matrix  |     array    |
|out_matrix_we0         | out |    1|  ap_memory |  out_matrix  |     array    |
|out_matrix_d0          | out |   32|  ap_memory |  out_matrix  |     array    |
+-----------------------+-----+-----+------------+--------------+--------------+

